// Jest Snapshot v1, https://goo.gl/fbAQLP

exports[`CoverPhoto Component render renders correctly 1`] = `ReactWrapper {}`;

exports[`CoverPhoto Component render renders image correctly 1`] = `ReactWrapper {}`;
