// Jest Snapshot v1, https://goo.gl/fbAQLP

exports[`Image Component render renders correctly 1`] = `ShallowWrapper {}`;
